=== A. STATIC TRANSMISSION: +300bp on the loan index ===
  index 5.11% -> 8.11%
    office       cap 7.10 -> 8.24  (+1.14 pts)
    retail       cap 6.19 -> 7.33  (+1.14 pts)
    multifamily  cap 5.16 -> 6.30  (+1.14 pts)
    industrial   cap 7.02 -> 8.16  (+1.14 pts)
  basket value $1094/sf -> $932/sf   = -14.79%
  land value   $731.1/sf -> $731.1/sf   = 0.00%   <-- land's rate sensitivity
  arithmetic check: pure 1/cap on office 7.10 -> 8.24 = -13.83%
  +1.00pt cap on all classes, nothing else: basket -13.22%  (real-world on a 7.10 cap: -12.34%)
  credit 1.00 -> 0.55: office cap 7.10 -> 7.64, basket -7.64%, land 0.00%
  +10pp citywide vacancy: office cap 7.10 -> 7.10, basket -5.18%
     (note: does per-building occupancy see cityVac? office occ 0.9669 -> 0.9669)
  -20% market rents: basket -22.70%, land 0.00%  <-- land vs rent

=== B. PAIRED SHOCK FORKS (16 seeds, shock at m300, 120m horizon) ===

  rates +300bp (persistent)
    horizon    value%   land%   offVac(pp)  offRent%   offCap(pt)  stock%   starts(sf/m)
      12m     -12.69    0.35       -0.06     -0.09        0.83     0.00           109
      36m     -17.87    0.10       -0.00      0.13        1.07     0.01           -95
      60m     -14.51    2.79       -0.46      0.60        1.09     0.02           539
     120m     -20.04   -3.77        2.18     -1.69        1.43     0.05          -123

  rates -300bp (persistent)
    horizon    value%   land%   offVac(pp)  offRent%   offCap(pt)  stock%   starts(sf/m)
      12m      11.95   -0.34        0.00      0.00       -0.75     0.00           -36
      36m      17.46   -0.19        0.14      0.77       -0.88     0.00           158
      60m      20.88    0.05        0.75      0.71       -1.07     0.01           698
     120m      18.04    0.07       -1.24     -4.92       -1.08     1.35         -1336

  credit crunch (0.55 pinned 36m)
    horizon    value%   land%   offVac(pp)  offRent%   offCap(pt)  stock%   starts(sf/m)
      12m      -3.13    0.39       -0.01      0.26        0.17     0.00          -358
      36m      -1.70    0.95        0.07      1.50        0.08    -0.06           223
      60m       4.84    0.95       -0.11      0.96       -0.01    -0.28          3431
     120m      -1.79    3.68        3.79      2.54        0.30     0.93         -2622

  supply shock +8% stock delivered
    horizon    value%   land%   offVac(pp)  offRent%   offCap(pt)  stock%   starts(sf/m)
      12m     -15.26   -0.64        5.71     -5.39        0.52     7.63         -7869
      36m     -17.57   -4.01        3.84    -11.73        0.54     7.29         -3572
      60m     -17.17   -5.52        0.11    -13.04        0.25     6.42         -8726
     120m     -13.55  -17.10       -2.46     -7.91       -0.18     3.76         -2806

  jobs boom +15% employment
    horizon    value%   land%   offVac(pp)  offRent%   offCap(pt)  stock%   starts(sf/m)
      12m      18.73    2.73       -6.95     14.44       -0.26     0.00         14023
      36m      39.84   15.57       -6.26     29.39       -0.68     0.50         38914
      60m      44.56   27.87       -1.30     38.58       -0.31     3.36         24417
     120m      11.01   25.56        4.38     28.49        0.37    11.61          3025
